MPLINK 4.49, Linker
Linker Map File - Created Fri May 24 04:04:06 2019

                                 Section Info
                  Section       Type    Address   Location Size(Bytes)
                ---------  ---------  ---------  ---------  ---------
                   .org_0       code   0x000000    program   0x000000
                   .org_1       code   0x000000    program   0x000046
.config_2007_CHAVES4_3LEDS.O       code   0x002007    program   0x000002



                              Program Memory Usage 
                               Start         End      
                           ---------   ---------      
                            0x000000    0x000022      
                            0x002007    0x002007      
            36 out of 2182 program addresses used, program memory utilization is 1%



                              Symbols - Sorted by Name
                     Name    Address   Location    Storage File                     
                ---------  ---------  ---------  --------- ---------                
              BOTAO_PRES1   0x00000e    program     static C:\Users\Rodrigo\Documents\FACUL\AC2\ML\PIC\4_PIC_aula02\2_PIC_aula02_MPLAB\PIC_aula02\chaves4_3LEDS.asm
              BOTAO_PRES2   0x000016    program     static C:\Users\Rodrigo\Documents\FACUL\AC2\ML\PIC\4_PIC_aula02\2_PIC_aula02_MPLAB\PIC_aula02\chaves4_3LEDS.asm
              BOTAO_PRES3   0x00001e    program     static C:\Users\Rodrigo\Documents\FACUL\AC2\ML\PIC\4_PIC_aula02\2_PIC_aula02_MPLAB\PIC_aula02\chaves4_3LEDS.asm
                   INICIO   0x000001    program     static C:\Users\Rodrigo\Documents\FACUL\AC2\ML\PIC\4_PIC_aula02\2_PIC_aula02_MPLAB\PIC_aula02\chaves4_3LEDS.asm
                     MAIN   0x00000b    program     static C:\Users\Rodrigo\Documents\FACUL\AC2\ML\PIC\4_PIC_aula02\2_PIC_aula02_MPLAB\PIC_aula02\chaves4_3LEDS.asm
                   TESTA2   0x000013    program     static C:\Users\Rodrigo\Documents\FACUL\AC2\ML\PIC\4_PIC_aula02\2_PIC_aula02_MPLAB\PIC_aula02\chaves4_3LEDS.asm
                   TESTA3   0x00001b    program     static C:\Users\Rodrigo\Documents\FACUL\AC2\ML\PIC\4_PIC_aula02\2_PIC_aula02_MPLAB\PIC_aula02\chaves4_3LEDS.asm



                              Symbols - Sorted by Address
                     Name    Address   Location    Storage File                     
                ---------  ---------  ---------  --------- ---------                
                   INICIO   0x000001    program     static C:\Users\Rodrigo\Documents\FACUL\AC2\ML\PIC\4_PIC_aula02\2_PIC_aula02_MPLAB\PIC_aula02\chaves4_3LEDS.asm
                     MAIN   0x00000b    program     static C:\Users\Rodrigo\Documents\FACUL\AC2\ML\PIC\4_PIC_aula02\2_PIC_aula02_MPLAB\PIC_aula02\chaves4_3LEDS.asm
              BOTAO_PRES1   0x00000e    program     static C:\Users\Rodrigo\Documents\FACUL\AC2\ML\PIC\4_PIC_aula02\2_PIC_aula02_MPLAB\PIC_aula02\chaves4_3LEDS.asm
                   TESTA2   0x000013    program     static C:\Users\Rodrigo\Documents\FACUL\AC2\ML\PIC\4_PIC_aula02\2_PIC_aula02_MPLAB\PIC_aula02\chaves4_3LEDS.asm
              BOTAO_PRES2   0x000016    program     static C:\Users\Rodrigo\Documents\FACUL\AC2\ML\PIC\4_PIC_aula02\2_PIC_aula02_MPLAB\PIC_aula02\chaves4_3LEDS.asm
                   TESTA3   0x00001b    program     static C:\Users\Rodrigo\Documents\FACUL\AC2\ML\PIC\4_PIC_aula02\2_PIC_aula02_MPLAB\PIC_aula02\chaves4_3LEDS.asm
              BOTAO_PRES3   0x00001e    program     static C:\Users\Rodrigo\Documents\FACUL\AC2\ML\PIC\4_PIC_aula02\2_PIC_aula02_MPLAB\PIC_aula02\chaves4_3LEDS.asm


