MPLINK 4.49, Linker
Linker Map File - Created Fri May 24 05:16:40 2019

                                 Section Info
                  Section       Type    Address   Location Size(Bytes)
                ---------  ---------  ---------  ---------  ---------
                   .org_0       code   0x000000    program   0x000000
                   .org_1       code   0x000000    program   0x0000f2
      .config_2007_TEST.O       code   0x002007    program   0x000002



                              Program Memory Usage 
                               Start         End      
                           ---------   ---------      
                            0x000000    0x000078      
                            0x002007    0x002007      
            122 out of 2182 program addresses used, program memory utilization is 5%



                              Symbols - Sorted by Name
                     Name    Address   Location    Storage File                     
                ---------  ---------  ---------  --------- ---------                
                   ATRASO   0x000035    program     static C:\Users\Rodrigo\Documents\FACUL\AC2\ML\PIC\4_PIC_aula02\2_PIC_aula02_MPLAB\PIC_aula02\test.asm
                  ATRASO1   0x000045    program     static C:\Users\Rodrigo\Documents\FACUL\AC2\ML\PIC\4_PIC_aula02\2_PIC_aula02_MPLAB\PIC_aula02\test.asm
                  ATRASO2   0x00003e    program     static C:\Users\Rodrigo\Documents\FACUL\AC2\ML\PIC\4_PIC_aula02\2_PIC_aula02_MPLAB\PIC_aula02\test.asm
                  ATRASO3   0x000037    program     static C:\Users\Rodrigo\Documents\FACUL\AC2\ML\PIC\4_PIC_aula02\2_PIC_aula02_MPLAB\PIC_aula02\test.asm
              ATRASOBOTAO   0x000067    program     static C:\Users\Rodrigo\Documents\FACUL\AC2\ML\PIC\4_PIC_aula02\2_PIC_aula02_MPLAB\PIC_aula02\test.asm
             ATRASOBOTAO1   0x000075    program     static C:\Users\Rodrigo\Documents\FACUL\AC2\ML\PIC\4_PIC_aula02\2_PIC_aula02_MPLAB\PIC_aula02\test.asm
             ATRASOBOTAO2   0x000070    program     static C:\Users\Rodrigo\Documents\FACUL\AC2\ML\PIC\4_PIC_aula02\2_PIC_aula02_MPLAB\PIC_aula02\test.asm
             ATRASOBOTAO3   0x000069    program     static C:\Users\Rodrigo\Documents\FACUL\AC2\ML\PIC\4_PIC_aula02\2_PIC_aula02_MPLAB\PIC_aula02\test.asm
                   BOTAO0   0x000061    program     static C:\Users\Rodrigo\Documents\FACUL\AC2\ML\PIC\4_PIC_aula02\2_PIC_aula02_MPLAB\PIC_aula02\test.asm
                   BOTAO1   0x00005d    program     static C:\Users\Rodrigo\Documents\FACUL\AC2\ML\PIC\4_PIC_aula02\2_PIC_aula02_MPLAB\PIC_aula02\test.asm
                   BOTAO2   0x000059    program     static C:\Users\Rodrigo\Documents\FACUL\AC2\ML\PIC\4_PIC_aula02\2_PIC_aula02_MPLAB\PIC_aula02\test.asm
                   BOTAO3   0x000055    program     static C:\Users\Rodrigo\Documents\FACUL\AC2\ML\PIC\4_PIC_aula02\2_PIC_aula02_MPLAB\PIC_aula02\test.asm
                   BOTAO4   0x000051    program     static C:\Users\Rodrigo\Documents\FACUL\AC2\ML\PIC\4_PIC_aula02\2_PIC_aula02_MPLAB\PIC_aula02\test.asm
         BOTAOPRESSIONADO   0x000048    program     static C:\Users\Rodrigo\Documents\FACUL\AC2\ML\PIC\4_PIC_aula02\2_PIC_aula02_MPLAB\PIC_aula02\test.asm
                   INICIO   0x000001    program     static C:\Users\Rodrigo\Documents\FACUL\AC2\ML\PIC\4_PIC_aula02\2_PIC_aula02_MPLAB\PIC_aula02\test.asm
                   REPETE   0x00000b    program     static C:\Users\Rodrigo\Documents\FACUL\AC2\ML\PIC\4_PIC_aula02\2_PIC_aula02_MPLAB\PIC_aula02\test.asm



                              Symbols - Sorted by Address
                     Name    Address   Location    Storage File                     
                ---------  ---------  ---------  --------- ---------                
                   INICIO   0x000001    program     static C:\Users\Rodrigo\Documents\FACUL\AC2\ML\PIC\4_PIC_aula02\2_PIC_aula02_MPLAB\PIC_aula02\test.asm
                   REPETE   0x00000b    program     static C:\Users\Rodrigo\Documents\FACUL\AC2\ML\PIC\4_PIC_aula02\2_PIC_aula02_MPLAB\PIC_aula02\test.asm
                   ATRASO   0x000035    program     static C:\Users\Rodrigo\Documents\FACUL\AC2\ML\PIC\4_PIC_aula02\2_PIC_aula02_MPLAB\PIC_aula02\test.asm
                  ATRASO3   0x000037    program     static C:\Users\Rodrigo\Documents\FACUL\AC2\ML\PIC\4_PIC_aula02\2_PIC_aula02_MPLAB\PIC_aula02\test.asm
                  ATRASO2   0x00003e    program     static C:\Users\Rodrigo\Documents\FACUL\AC2\ML\PIC\4_PIC_aula02\2_PIC_aula02_MPLAB\PIC_aula02\test.asm
                  ATRASO1   0x000045    program     static C:\Users\Rodrigo\Documents\FACUL\AC2\ML\PIC\4_PIC_aula02\2_PIC_aula02_MPLAB\PIC_aula02\test.asm
         BOTAOPRESSIONADO   0x000048    program     static C:\Users\Rodrigo\Documents\FACUL\AC2\ML\PIC\4_PIC_aula02\2_PIC_aula02_MPLAB\PIC_aula02\test.asm
                   BOTAO4   0x000051    program     static C:\Users\Rodrigo\Documents\FACUL\AC2\ML\PIC\4_PIC_aula02\2_PIC_aula02_MPLAB\PIC_aula02\test.asm
                   BOTAO3   0x000055    program     static C:\Users\Rodrigo\Documents\FACUL\AC2\ML\PIC\4_PIC_aula02\2_PIC_aula02_MPLAB\PIC_aula02\test.asm
                   BOTAO2   0x000059    program     static C:\Users\Rodrigo\Documents\FACUL\AC2\ML\PIC\4_PIC_aula02\2_PIC_aula02_MPLAB\PIC_aula02\test.asm
                   BOTAO1   0x00005d    program     static C:\Users\Rodrigo\Documents\FACUL\AC2\ML\PIC\4_PIC_aula02\2_PIC_aula02_MPLAB\PIC_aula02\test.asm
                   BOTAO0   0x000061    program     static C:\Users\Rodrigo\Documents\FACUL\AC2\ML\PIC\4_PIC_aula02\2_PIC_aula02_MPLAB\PIC_aula02\test.asm
              ATRASOBOTAO   0x000067    program     static C:\Users\Rodrigo\Documents\FACUL\AC2\ML\PIC\4_PIC_aula02\2_PIC_aula02_MPLAB\PIC_aula02\test.asm
             ATRASOBOTAO3   0x000069    program     static C:\Users\Rodrigo\Documents\FACUL\AC2\ML\PIC\4_PIC_aula02\2_PIC_aula02_MPLAB\PIC_aula02\test.asm
             ATRASOBOTAO2   0x000070    program     static C:\Users\Rodrigo\Documents\FACUL\AC2\ML\PIC\4_PIC_aula02\2_PIC_aula02_MPLAB\PIC_aula02\test.asm
             ATRASOBOTAO1   0x000075    program     static C:\Users\Rodrigo\Documents\FACUL\AC2\ML\PIC\4_PIC_aula02\2_PIC_aula02_MPLAB\PIC_aula02\test.asm


